Archive member included to satisfy reference by file (symbol)

lib/libstm32.a(stm32f10x_vector.o)
                              (Reset_Handler)
/usr/lib/gcc/arm-none-eabi/5.4.1/../../../arm-none-eabi/lib/libc.a(lib_a-atexit.o)
                              /usr/lib/gcc/arm-none-eabi/5.4.1/../../../arm-none-eabi/lib/crt0.o (atexit)
/usr/lib/gcc/arm-none-eabi/5.4.1/../../../arm-none-eabi/lib/libc.a(lib_a-exit.o)
                              /usr/lib/gcc/arm-none-eabi/5.4.1/../../../arm-none-eabi/lib/crt0.o (exit)
/usr/lib/gcc/arm-none-eabi/5.4.1/../../../arm-none-eabi/lib/libc.a(lib_a-fini.o)
                              /usr/lib/gcc/arm-none-eabi/5.4.1/../../../arm-none-eabi/lib/crt0.o (__libc_fini_array)
/usr/lib/gcc/arm-none-eabi/5.4.1/../../../arm-none-eabi/lib/libc.a(lib_a-impure.o)
                              /usr/lib/gcc/arm-none-eabi/5.4.1/../../../arm-none-eabi/lib/libc.a(lib_a-exit.o) (_global_impure_ptr)
/usr/lib/gcc/arm-none-eabi/5.4.1/../../../arm-none-eabi/lib/libc.a(lib_a-init.o)
                              /usr/lib/gcc/arm-none-eabi/5.4.1/../../../arm-none-eabi/lib/crt0.o (__libc_init_array)
/usr/lib/gcc/arm-none-eabi/5.4.1/../../../arm-none-eabi/lib/libc.a(lib_a-memset.o)
                              /usr/lib/gcc/arm-none-eabi/5.4.1/../../../arm-none-eabi/lib/crt0.o (memset)
/usr/lib/gcc/arm-none-eabi/5.4.1/../../../arm-none-eabi/lib/libc.a(lib_a-__atexit.o)
                              /usr/lib/gcc/arm-none-eabi/5.4.1/../../../arm-none-eabi/lib/libc.a(lib_a-atexit.o) (__register_exitproc)
/usr/lib/gcc/arm-none-eabi/5.4.1/../../../arm-none-eabi/lib/libc.a(lib_a-__call_atexit.o)
                              /usr/lib/gcc/arm-none-eabi/5.4.1/../../../arm-none-eabi/lib/libc.a(lib_a-exit.o) (__call_exitprocs)

Discarded input sections

 .text          0x00000000        0x0 /usr/lib/gcc/arm-none-eabi/5.4.1/crti.o
 .data          0x00000000        0x0 /usr/lib/gcc/arm-none-eabi/5.4.1/crti.o
 .bss           0x00000000        0x0 /usr/lib/gcc/arm-none-eabi/5.4.1/crti.o
 .text          0x00000000      0x108 /usr/lib/gcc/arm-none-eabi/5.4.1/crtbegin.o
 .data          0x00000000        0x4 /usr/lib/gcc/arm-none-eabi/5.4.1/crtbegin.o
 .bss           0x00000000       0x1c /usr/lib/gcc/arm-none-eabi/5.4.1/crtbegin.o
 .init_array    0x00000000        0x4 /usr/lib/gcc/arm-none-eabi/5.4.1/crtbegin.o
 .fini_array    0x00000000        0x4 /usr/lib/gcc/arm-none-eabi/5.4.1/crtbegin.o
 .eh_frame      0x00000000        0x0 /usr/lib/gcc/arm-none-eabi/5.4.1/crtbegin.o
 .jcr           0x00000000        0x0 /usr/lib/gcc/arm-none-eabi/5.4.1/crtbegin.o
 .tm_clone_table
                0x00000000        0x0 /usr/lib/gcc/arm-none-eabi/5.4.1/crtbegin.o
 .comment       0x00000000       0x2c /usr/lib/gcc/arm-none-eabi/5.4.1/crtbegin.o
 .ARM.attributes
                0x00000000       0x30 /usr/lib/gcc/arm-none-eabi/5.4.1/crtbegin.o
 .text          0x00000000      0x104 /usr/lib/gcc/arm-none-eabi/5.4.1/../../../arm-none-eabi/lib/crt0.o
 .data          0x00000000        0x0 /usr/lib/gcc/arm-none-eabi/5.4.1/../../../arm-none-eabi/lib/crt0.o
 .bss           0x00000000        0x0 /usr/lib/gcc/arm-none-eabi/5.4.1/../../../arm-none-eabi/lib/crt0.o
 .ARM.extab     0x00000000        0x0 /usr/lib/gcc/arm-none-eabi/5.4.1/../../../arm-none-eabi/lib/crt0.o
 .ARM.exidx     0x00000000        0x8 /usr/lib/gcc/arm-none-eabi/5.4.1/../../../arm-none-eabi/lib/crt0.o
 .debug_line    0x00000000       0x92 /usr/lib/gcc/arm-none-eabi/5.4.1/../../../arm-none-eabi/lib/crt0.o
 .debug_info    0x00000000       0x92 /usr/lib/gcc/arm-none-eabi/5.4.1/../../../arm-none-eabi/lib/crt0.o
 .debug_abbrev  0x00000000       0x14 /usr/lib/gcc/arm-none-eabi/5.4.1/../../../arm-none-eabi/lib/crt0.o
 .debug_aranges
                0x00000000       0x20 /usr/lib/gcc/arm-none-eabi/5.4.1/../../../arm-none-eabi/lib/crt0.o
 .ARM.attributes
                0x00000000       0x14 /usr/lib/gcc/arm-none-eabi/5.4.1/../../../arm-none-eabi/lib/crt0.o
 .data          0x00000000        0x0 main.o
 .bss           0x00000000        0x0 main.o
 .data          0x00000000        0x0 stm32f10x_it.o
 .bss           0x00000000        0x0 stm32f10x_it.o
 .data          0x00000000        0x0 lib/libstm32.a(stm32f10x_vector.o)
 .bss           0x00000000        0x0 lib/libstm32.a(stm32f10x_vector.o)
 .text          0x00000000       0x20 /usr/lib/gcc/arm-none-eabi/5.4.1/../../../arm-none-eabi/lib/libc.a(lib_a-atexit.o)
 .data          0x00000000        0x0 /usr/lib/gcc/arm-none-eabi/5.4.1/../../../arm-none-eabi/lib/libc.a(lib_a-atexit.o)
 .bss           0x00000000        0x0 /usr/lib/gcc/arm-none-eabi/5.4.1/../../../arm-none-eabi/lib/libc.a(lib_a-atexit.o)
 .debug_info    0x00000000       0xfe /usr/lib/gcc/arm-none-eabi/5.4.1/../../../arm-none-eabi/lib/libc.a(lib_a-atexit.o)
 .debug_abbrev  0x00000000       0xa7 /usr/lib/gcc/arm-none-eabi/5.4.1/../../../arm-none-eabi/lib/libc.a(lib_a-atexit.o)
 .debug_loc     0x00000000       0x2c /usr/lib/gcc/arm-none-eabi/5.4.1/../../../arm-none-eabi/lib/libc.a(lib_a-atexit.o)
 .debug_aranges
                0x00000000       0x20 /usr/lib/gcc/arm-none-eabi/5.4.1/../../../arm-none-eabi/lib/libc.a(lib_a-atexit.o)
 .debug_line    0x00000000       0xb5 /usr/lib/gcc/arm-none-eabi/5.4.1/../../../arm-none-eabi/lib/libc.a(lib_a-atexit.o)
 .debug_str     0x00000000      0x191 /usr/lib/gcc/arm-none-eabi/5.4.1/../../../arm-none-eabi/lib/libc.a(lib_a-atexit.o)
 .comment       0x00000000       0x2c /usr/lib/gcc/arm-none-eabi/5.4.1/../../../arm-none-eabi/lib/libc.a(lib_a-atexit.o)
 .debug_frame   0x00000000       0x2c /usr/lib/gcc/arm-none-eabi/5.4.1/../../../arm-none-eabi/lib/libc.a(lib_a-atexit.o)
 .ARM.attributes
                0x00000000       0x30 /usr/lib/gcc/arm-none-eabi/5.4.1/../../../arm-none-eabi/lib/libc.a(lib_a-atexit.o)
 .text          0x00000000       0x34 /usr/lib/gcc/arm-none-eabi/5.4.1/../../../arm-none-eabi/lib/libc.a(lib_a-exit.o)
 .data          0x00000000        0x0 /usr/lib/gcc/arm-none-eabi/5.4.1/../../../arm-none-eabi/lib/libc.a(lib_a-exit.o)
 .bss           0x00000000        0x0 /usr/lib/gcc/arm-none-eabi/5.4.1/../../../arm-none-eabi/lib/libc.a(lib_a-exit.o)
 .debug_info    0x00000000      0x8de /usr/lib/gcc/arm-none-eabi/5.4.1/../../../arm-none-eabi/lib/libc.a(lib_a-exit.o)
 .debug_abbrev  0x00000000      0x1d6 /usr/lib/gcc/arm-none-eabi/5.4.1/../../../arm-none-eabi/lib/libc.a(lib_a-exit.o)
 .debug_loc     0x00000000       0x1e /usr/lib/gcc/arm-none-eabi/5.4.1/../../../arm-none-eabi/lib/libc.a(lib_a-exit.o)
 .debug_aranges
                0x00000000       0x20 /usr/lib/gcc/arm-none-eabi/5.4.1/../../../arm-none-eabi/lib/libc.a(lib_a-exit.o)
 .debug_line    0x00000000      0x15c /usr/lib/gcc/arm-none-eabi/5.4.1/../../../arm-none-eabi/lib/libc.a(lib_a-exit.o)
 .debug_str     0x00000000      0x52e /usr/lib/gcc/arm-none-eabi/5.4.1/../../../arm-none-eabi/lib/libc.a(lib_a-exit.o)
 .comment       0x00000000       0x2c /usr/lib/gcc/arm-none-eabi/5.4.1/../../../arm-none-eabi/lib/libc.a(lib_a-exit.o)
 .debug_frame   0x00000000       0x28 /usr/lib/gcc/arm-none-eabi/5.4.1/../../../arm-none-eabi/lib/libc.a(lib_a-exit.o)
 .ARM.attributes
                0x00000000       0x30 /usr/lib/gcc/arm-none-eabi/5.4.1/../../../arm-none-eabi/lib/libc.a(lib_a-exit.o)
 .text          0x00000000       0x44 /usr/lib/gcc/arm-none-eabi/5.4.1/../../../arm-none-eabi/lib/libc.a(lib_a-fini.o)
 .data          0x00000000        0x0 /usr/lib/gcc/arm-none-eabi/5.4.1/../../../arm-none-eabi/lib/libc.a(lib_a-fini.o)
 .bss           0x00000000        0x0 /usr/lib/gcc/arm-none-eabi/5.4.1/../../../arm-none-eabi/lib/libc.a(lib_a-fini.o)
 .debug_info    0x00000000       0xfa /usr/lib/gcc/arm-none-eabi/5.4.1/../../../arm-none-eabi/lib/libc.a(lib_a-fini.o)
 .debug_abbrev  0x00000000       0xba /usr/lib/gcc/arm-none-eabi/5.4.1/../../../arm-none-eabi/lib/libc.a(lib_a-fini.o)
 .debug_loc     0x00000000       0x5c /usr/lib/gcc/arm-none-eabi/5.4.1/../../../arm-none-eabi/lib/libc.a(lib_a-fini.o)
 .debug_aranges
                0x00000000       0x20 /usr/lib/gcc/arm-none-eabi/5.4.1/../../../arm-none-eabi/lib/libc.a(lib_a-fini.o)
 .debug_line    0x00000000       0x99 /usr/lib/gcc/arm-none-eabi/5.4.1/../../../arm-none-eabi/lib/libc.a(lib_a-fini.o)
 .debug_str     0x00000000      0x189 /usr/lib/gcc/arm-none-eabi/5.4.1/../../../arm-none-eabi/lib/libc.a(lib_a-fini.o)
 .comment       0x00000000       0x2c /usr/lib/gcc/arm-none-eabi/5.4.1/../../../arm-none-eabi/lib/libc.a(lib_a-fini.o)
 .debug_frame   0x00000000       0x34 /usr/lib/gcc/arm-none-eabi/5.4.1/../../../arm-none-eabi/lib/libc.a(lib_a-fini.o)
 .ARM.attributes
                0x00000000       0x30 /usr/lib/gcc/arm-none-eabi/5.4.1/../../../arm-none-eabi/lib/libc.a(lib_a-fini.o)
 .text          0x00000000        0x0 /usr/lib/gcc/arm-none-eabi/5.4.1/../../../arm-none-eabi/lib/libc.a(lib_a-impure.o)
 .data          0x00000000      0x430 /usr/lib/gcc/arm-none-eabi/5.4.1/../../../arm-none-eabi/lib/libc.a(lib_a-impure.o)
 .bss           0x00000000        0x0 /usr/lib/gcc/arm-none-eabi/5.4.1/../../../arm-none-eabi/lib/libc.a(lib_a-impure.o)
 .rodata        0x00000000        0x4 /usr/lib/gcc/arm-none-eabi/5.4.1/../../../arm-none-eabi/lib/libc.a(lib_a-impure.o)
 .rodata.str1.4
                0x00000000        0x2 /usr/lib/gcc/arm-none-eabi/5.4.1/../../../arm-none-eabi/lib/libc.a(lib_a-impure.o)
 .debug_info    0x00000000      0x89b /usr/lib/gcc/arm-none-eabi/5.4.1/../../../arm-none-eabi/lib/libc.a(lib_a-impure.o)
 .debug_abbrev  0x00000000      0x180 /usr/lib/gcc/arm-none-eabi/5.4.1/../../../arm-none-eabi/lib/libc.a(lib_a-impure.o)
 .debug_aranges
                0x00000000       0x18 /usr/lib/gcc/arm-none-eabi/5.4.1/../../../arm-none-eabi/lib/libc.a(lib_a-impure.o)
 .debug_line    0x00000000       0xe3 /usr/lib/gcc/arm-none-eabi/5.4.1/../../../arm-none-eabi/lib/libc.a(lib_a-impure.o)
 .debug_str     0x00000000      0x525 /usr/lib/gcc/arm-none-eabi/5.4.1/../../../arm-none-eabi/lib/libc.a(lib_a-impure.o)
 .comment       0x00000000       0x2c /usr/lib/gcc/arm-none-eabi/5.4.1/../../../arm-none-eabi/lib/libc.a(lib_a-impure.o)
 .ARM.attributes
                0x00000000       0x30 /usr/lib/gcc/arm-none-eabi/5.4.1/../../../arm-none-eabi/lib/libc.a(lib_a-impure.o)
 .text          0x00000000       0x80 /usr/lib/gcc/arm-none-eabi/5.4.1/../../../arm-none-eabi/lib/libc.a(lib_a-init.o)
 .data          0x00000000        0x0 /usr/lib/gcc/arm-none-eabi/5.4.1/../../../arm-none-eabi/lib/libc.a(lib_a-init.o)
 .bss           0x00000000        0x0 /usr/lib/gcc/arm-none-eabi/5.4.1/../../../arm-none-eabi/lib/libc.a(lib_a-init.o)
 .debug_info    0x00000000      0x110 /usr/lib/gcc/arm-none-eabi/5.4.1/../../../arm-none-eabi/lib/libc.a(lib_a-init.o)
 .debug_abbrev  0x00000000       0xba /usr/lib/gcc/arm-none-eabi/5.4.1/../../../arm-none-eabi/lib/libc.a(lib_a-init.o)
 .debug_loc     0x00000000       0xa2 /usr/lib/gcc/arm-none-eabi/5.4.1/../../../arm-none-eabi/lib/libc.a(lib_a-init.o)
 .debug_aranges
                0x00000000       0x20 /usr/lib/gcc/arm-none-eabi/5.4.1/../../../arm-none-eabi/lib/libc.a(lib_a-init.o)
 .debug_line    0x00000000       0xb3 /usr/lib/gcc/arm-none-eabi/5.4.1/../../../arm-none-eabi/lib/libc.a(lib_a-init.o)
 .debug_str     0x00000000      0x1b3 /usr/lib/gcc/arm-none-eabi/5.4.1/../../../arm-none-eabi/lib/libc.a(lib_a-init.o)
 .comment       0x00000000       0x2c /usr/lib/gcc/arm-none-eabi/5.4.1/../../../arm-none-eabi/lib/libc.a(lib_a-init.o)
 .debug_frame   0x00000000       0x34 /usr/lib/gcc/arm-none-eabi/5.4.1/../../../arm-none-eabi/lib/libc.a(lib_a-init.o)
 .ARM.attributes
                0x00000000       0x30 /usr/lib/gcc/arm-none-eabi/5.4.1/../../../arm-none-eabi/lib/libc.a(lib_a-init.o)
 .text          0x00000000       0xf4 /usr/lib/gcc/arm-none-eabi/5.4.1/../../../arm-none-eabi/lib/libc.a(lib_a-memset.o)
 .data          0x00000000        0x0 /usr/lib/gcc/arm-none-eabi/5.4.1/../../../arm-none-eabi/lib/libc.a(lib_a-memset.o)
 .bss           0x00000000        0x0 /usr/lib/gcc/arm-none-eabi/5.4.1/../../../arm-none-eabi/lib/libc.a(lib_a-memset.o)
 .debug_info    0x00000000      0x11e /usr/lib/gcc/arm-none-eabi/5.4.1/../../../arm-none-eabi/lib/libc.a(lib_a-memset.o)
 .debug_abbrev  0x00000000       0x9f /usr/lib/gcc/arm-none-eabi/5.4.1/../../../arm-none-eabi/lib/libc.a(lib_a-memset.o)
 .debug_loc     0x00000000      0x198 /usr/lib/gcc/arm-none-eabi/5.4.1/../../../arm-none-eabi/lib/libc.a(lib_a-memset.o)
 .debug_aranges
                0x00000000       0x20 /usr/lib/gcc/arm-none-eabi/5.4.1/../../../arm-none-eabi/lib/libc.a(lib_a-memset.o)
 .debug_line    0x00000000      0x10f /usr/lib/gcc/arm-none-eabi/5.4.1/../../../arm-none-eabi/lib/libc.a(lib_a-memset.o)
 .debug_str     0x00000000      0x168 /usr/lib/gcc/arm-none-eabi/5.4.1/../../../arm-none-eabi/lib/libc.a(lib_a-memset.o)
 .comment       0x00000000       0x2c /usr/lib/gcc/arm-none-eabi/5.4.1/../../../arm-none-eabi/lib/libc.a(lib_a-memset.o)
 .debug_frame   0x00000000       0x30 /usr/lib/gcc/arm-none-eabi/5.4.1/../../../arm-none-eabi/lib/libc.a(lib_a-memset.o)
 .ARM.attributes
                0x00000000       0x30 /usr/lib/gcc/arm-none-eabi/5.4.1/../../../arm-none-eabi/lib/libc.a(lib_a-memset.o)
 .text          0x00000000       0xe0 /usr/lib/gcc/arm-none-eabi/5.4.1/../../../arm-none-eabi/lib/libc.a(lib_a-__atexit.o)
 .data          0x00000000        0x0 /usr/lib/gcc/arm-none-eabi/5.4.1/../../../arm-none-eabi/lib/libc.a(lib_a-__atexit.o)
 .bss           0x00000000        0x0 /usr/lib/gcc/arm-none-eabi/5.4.1/../../../arm-none-eabi/lib/libc.a(lib_a-__atexit.o)
 .debug_info    0x00000000      0x92e /usr/lib/gcc/arm-none-eabi/5.4.1/../../../arm-none-eabi/lib/libc.a(lib_a-__atexit.o)
 .debug_abbrev  0x00000000      0x20f /usr/lib/gcc/arm-none-eabi/5.4.1/../../../arm-none-eabi/lib/libc.a(lib_a-__atexit.o)
 .debug_loc     0x00000000      0x11b /usr/lib/gcc/arm-none-eabi/5.4.1/../../../arm-none-eabi/lib/libc.a(lib_a-__atexit.o)
 .debug_aranges
                0x00000000       0x20 /usr/lib/gcc/arm-none-eabi/5.4.1/../../../arm-none-eabi/lib/libc.a(lib_a-__atexit.o)
 .debug_line    0x00000000      0x17d /usr/lib/gcc/arm-none-eabi/5.4.1/../../../arm-none-eabi/lib/libc.a(lib_a-__atexit.o)
 .debug_str     0x00000000      0x566 /usr/lib/gcc/arm-none-eabi/5.4.1/../../../arm-none-eabi/lib/libc.a(lib_a-__atexit.o)
 .comment       0x00000000       0x2c /usr/lib/gcc/arm-none-eabi/5.4.1/../../../arm-none-eabi/lib/libc.a(lib_a-__atexit.o)
 .debug_frame   0x00000000       0x3c /usr/lib/gcc/arm-none-eabi/5.4.1/../../../arm-none-eabi/lib/libc.a(lib_a-__atexit.o)
 .ARM.attributes
                0x00000000       0x30 /usr/lib/gcc/arm-none-eabi/5.4.1/../../../arm-none-eabi/lib/libc.a(lib_a-__atexit.o)
 .text          0x00000000      0x170 /usr/lib/gcc/arm-none-eabi/5.4.1/../../../arm-none-eabi/lib/libc.a(lib_a-__call_atexit.o)
 .data          0x00000000        0x0 /usr/lib/gcc/arm-none-eabi/5.4.1/../../../arm-none-eabi/lib/libc.a(lib_a-__call_atexit.o)
 .bss           0x00000000        0x0 /usr/lib/gcc/arm-none-eabi/5.4.1/../../../arm-none-eabi/lib/libc.a(lib_a-__call_atexit.o)
 .text.startup  0x00000000       0x28 /usr/lib/gcc/arm-none-eabi/5.4.1/../../../arm-none-eabi/lib/libc.a(lib_a-__call_atexit.o)
 .init_array.00000
                0x00000000        0x4 /usr/lib/gcc/arm-none-eabi/5.4.1/../../../arm-none-eabi/lib/libc.a(lib_a-__call_atexit.o)
 .debug_info    0x00000000      0x9a5 /usr/lib/gcc/arm-none-eabi/5.4.1/../../../arm-none-eabi/lib/libc.a(lib_a-__call_atexit.o)
 .debug_abbrev  0x00000000      0x26d /usr/lib/gcc/arm-none-eabi/5.4.1/../../../arm-none-eabi/lib/libc.a(lib_a-__call_atexit.o)
 .debug_loc     0x00000000      0x1cb /usr/lib/gcc/arm-none-eabi/5.4.1/../../../arm-none-eabi/lib/libc.a(lib_a-__call_atexit.o)
 .debug_aranges
                0x00000000       0x28 /usr/lib/gcc/arm-none-eabi/5.4.1/../../../arm-none-eabi/lib/libc.a(lib_a-__call_atexit.o)
 .debug_ranges  0x00000000       0x40 /usr/lib/gcc/arm-none-eabi/5.4.1/../../../arm-none-eabi/lib/libc.a(lib_a-__call_atexit.o)
 .debug_line    0x00000000      0x1a5 /usr/lib/gcc/arm-none-eabi/5.4.1/../../../arm-none-eabi/lib/libc.a(lib_a-__call_atexit.o)
 .debug_str     0x00000000      0x585 /usr/lib/gcc/arm-none-eabi/5.4.1/../../../arm-none-eabi/lib/libc.a(lib_a-__call_atexit.o)
 .comment       0x00000000       0x2c /usr/lib/gcc/arm-none-eabi/5.4.1/../../../arm-none-eabi/lib/libc.a(lib_a-__call_atexit.o)
 .debug_frame   0x00000000       0x68 /usr/lib/gcc/arm-none-eabi/5.4.1/../../../arm-none-eabi/lib/libc.a(lib_a-__call_atexit.o)
 .ARM.attributes
                0x00000000       0x30 /usr/lib/gcc/arm-none-eabi/5.4.1/../../../arm-none-eabi/lib/libc.a(lib_a-__call_atexit.o)
 .text          0x00000000        0x0 /usr/lib/gcc/arm-none-eabi/5.4.1/crtend.o
 .data          0x00000000        0x0 /usr/lib/gcc/arm-none-eabi/5.4.1/crtend.o
 .bss           0x00000000        0x0 /usr/lib/gcc/arm-none-eabi/5.4.1/crtend.o
 .eh_frame      0x00000000        0x4 /usr/lib/gcc/arm-none-eabi/5.4.1/crtend.o
 .jcr           0x00000000        0x4 /usr/lib/gcc/arm-none-eabi/5.4.1/crtend.o
 .tm_clone_table
                0x00000000        0x0 /usr/lib/gcc/arm-none-eabi/5.4.1/crtend.o
 .comment       0x00000000       0x2c /usr/lib/gcc/arm-none-eabi/5.4.1/crtend.o
 .ARM.attributes
                0x00000000       0x30 /usr/lib/gcc/arm-none-eabi/5.4.1/crtend.o
 .text          0x00000000        0x0 /usr/lib/gcc/arm-none-eabi/5.4.1/crtn.o
 .data          0x00000000        0x0 /usr/lib/gcc/arm-none-eabi/5.4.1/crtn.o
 .bss           0x00000000        0x0 /usr/lib/gcc/arm-none-eabi/5.4.1/crtn.o
 .init          0x00000000        0xc /usr/lib/gcc/arm-none-eabi/5.4.1/crtn.o
 .fini          0x00000000        0xc /usr/lib/gcc/arm-none-eabi/5.4.1/crtn.o
 .ARM.attributes
                0x00000000       0x18 /usr/lib/gcc/arm-none-eabi/5.4.1/crtn.o

Memory Configuration

Name             Origin             Length             Attributes
RAM              0x20000000         0x00005000         xrw
FLASH            0x08000000         0x00020000         xr
FLASHB1          0x00000000         0x00000000         xr
EXTMEMB0         0x00000000         0x00000000         xr
EXTMEMB1         0x00000000         0x00000000         xr
EXTMEMB2         0x00000000         0x00000000         xr
EXTMEMB3         0x00000000         0x00000000         xr
*default*        0x00000000         0xffffffff

Linker script and memory map

LOAD /usr/lib/gcc/arm-none-eabi/5.4.1/crti.o
LOAD /usr/lib/gcc/arm-none-eabi/5.4.1/crtbegin.o
LOAD /usr/lib/gcc/arm-none-eabi/5.4.1/../../../arm-none-eabi/lib/crt0.o
LOAD main.o
LOAD stm32f10x_it.o
LOAD lib/libstm32.a
START GROUP
LOAD /usr/lib/gcc/arm-none-eabi/5.4.1/libgcc.a
LOAD /usr/lib/gcc/arm-none-eabi/5.4.1/../../../arm-none-eabi/lib/libc.a
END GROUP
LOAD /usr/lib/gcc/arm-none-eabi/5.4.1/crtend.o
LOAD /usr/lib/gcc/arm-none-eabi/5.4.1/crtn.o
                0x00000400                __Stack_Size = 0x400
                [!provide]                PROVIDE (_Stack_Size, __Stack_Size)
                0x20004c00                __Stack_Init = (_estack - __Stack_Size)
                [!provide]                PROVIDE (_Stack_Init, __Stack_Init)
                0x00000100                _Minimum_Stack_Size = 0x100
                [!provide]                PROVIDE (Undefined_Handler, 0x0)
                [!provide]                PROVIDE (SWI_Handler, 0x0)
                [!provide]                PROVIDE (IRQ_Handler, 0x0)
                [!provide]                PROVIDE (Prefetch_Handler, 0x0)
                [!provide]                PROVIDE (Abort_Handler, 0x0)
                [!provide]                PROVIDE (FIQ_Handler, 0x0)
                [!provide]                PROVIDE (NMIException, 0x0)
                [!provide]                PROVIDE (HardFaultException, 0x0)
                [!provide]                PROVIDE (MemManageException, 0x0)
                [!provide]                PROVIDE (BusFaultException, 0x0)
                [!provide]                PROVIDE (UsageFaultException, 0x0)
                [!provide]                PROVIDE (SVCHandler, 0x0)
                [!provide]                PROVIDE (DebugMonitor, 0x0)
                [!provide]                PROVIDE (PendSVC, 0x0)
                [!provide]                PROVIDE (SysTickHandler, 0x0)
                [!provide]                PROVIDE (WWDG_IRQHandler, 0x0)
                [!provide]                PROVIDE (PVD_IRQHandler, 0x0)
                [!provide]                PROVIDE (TAMPER_IRQHandler, 0x0)
                [!provide]                PROVIDE (RTC_IRQHandler, 0x0)
                [!provide]                PROVIDE (FLASH_IRQHandler, 0x0)
                [!provide]                PROVIDE (RCC_IRQHandler, 0x0)
                [!provide]                PROVIDE (EXTI0_IRQHandler, 0x0)
                [!provide]                PROVIDE (EXTI1_IRQHandler, 0x0)
                [!provide]                PROVIDE (EXTI2_IRQHandler, 0x0)
                [!provide]                PROVIDE (EXTI3_IRQHandler, 0x0)
                [!provide]                PROVIDE (EXTI4_IRQHandler, 0x0)
                [!provide]                PROVIDE (DMAChannel1_IRQHandler, 0x0)
                [!provide]                PROVIDE (DMAChannel2_IRQHandler, 0x0)
                [!provide]                PROVIDE (DMAChannel3_IRQHandler, 0x0)
                [!provide]                PROVIDE (DMAChannel4_IRQHandler, 0x0)
                [!provide]                PROVIDE (DMAChannel5_IRQHandler, 0x0)
                [!provide]                PROVIDE (DMAChannel6_IRQHandler, 0x0)
                [!provide]                PROVIDE (DMAChannel7_IRQHandler, 0x0)
                [!provide]                PROVIDE (ADC_IRQHandler, 0x0)
                [!provide]                PROVIDE (USB_HP_CAN_TX_IRQHandler, 0x0)
                [!provide]                PROVIDE (USB_LP_CAN_RX0_IRQHandler, 0x0)
                [!provide]                PROVIDE (CAN_RX1_IRQHandler, 0x0)
                [!provide]                PROVIDE (CAN_SCE_IRQHandler, 0x0)
                [!provide]                PROVIDE (EXTI9_5_IRQHandler, 0x0)
                [!provide]                PROVIDE (TIM1_BRK_IRQHandler, 0x0)
                [!provide]                PROVIDE (TIM1_UP_IRQHandler, 0x0)
                [!provide]                PROVIDE (TIM1_TRG_COM_IRQHandler, 0x0)
                [!provide]                PROVIDE (TIM1_CC_IRQHandler, 0x0)
                [!provide]                PROVIDE (TIM2_IRQHandler, 0x0)
                [!provide]                PROVIDE (TIM3_IRQHandler, 0x0)
                [!provide]                PROVIDE (TIM4_IRQHandler, 0x0)
                [!provide]                PROVIDE (I2C1_EV_IRQHandler, 0x0)
                [!provide]                PROVIDE (I2C1_ER_IRQHandler, 0x0)
                [!provide]                PROVIDE (I2C2_EV_IRQHandler, 0x0)
                [!provide]                PROVIDE (I2C2_ER_IRQHandler, 0x0)
                [!provide]                PROVIDE (SPI1_IRQHandler, 0x0)
                [!provide]                PROVIDE (SPI2_IRQHandler, 0x0)
                [!provide]                PROVIDE (USART1_IRQHandler, 0x0)
                [!provide]                PROVIDE (USART2_IRQHandler, 0x0)
                [!provide]                PROVIDE (USART3_IRQHandler, 0x0)
                [!provide]                PROVIDE (EXTI15_10_IRQHandler, 0x0)
                [!provide]                PROVIDE (RTCAlarm_IRQHandler, 0x0)
                [!provide]                PROVIDE (USBWakeUp_IRQHandler, 0x0)
                0x42000000                PERIPH_BB_BASE = 0x42000000
                0x22000000                SRAM_BB_BASE = 0x22000000
                0x20000000                SRAM_BASE = 0x20000000
                0x40000000                PERIPH_BASE = 0x40000000
                [!provide]                PROVIDE (FLASH_BASE, 0x40022000)
                [!provide]                PROVIDE (OB_BASE, 0x1ffff800)
                0x40000000                APB1PERIPH_BASE = PERIPH_BASE
                0x40010000                APB2PERIPH_BASE = (PERIPH_BASE + 0x10000)
                0x40020000                AHBPERIPH_BASE = (PERIPH_BASE + 0x20000)
                [!provide]                PROVIDE (TIM2, (APB1PERIPH_BASE + 0x0))
                [!provide]                PROVIDE (TIM3, (APB1PERIPH_BASE + 0x400))
                [!provide]                PROVIDE (TIM4, (APB1PERIPH_BASE + 0x800))
                [!provide]                PROVIDE (RTC, (APB1PERIPH_BASE + 0x2800))
                [!provide]                PROVIDE (WWDG, (APB1PERIPH_BASE + 0x2c00))
                [!provide]                PROVIDE (IWDG, (APB1PERIPH_BASE + 0x3000))
                [!provide]                PROVIDE (SPI2, (APB1PERIPH_BASE + 0x3800))
                [!provide]                PROVIDE (USART2, (APB1PERIPH_BASE + 0x4400))
                [!provide]                PROVIDE (USART3, (APB1PERIPH_BASE + 0x4800))
                [!provide]                PROVIDE (I2C1, (APB1PERIPH_BASE + 0x5400))
                [!provide]                PROVIDE (I2C2, (APB1PERIPH_BASE + 0x5800))
                [!provide]                PROVIDE (CAN, (APB1PERIPH_BASE + 0x6400))
                [!provide]                PROVIDE (BKP, (APB1PERIPH_BASE + 0x6c00))
                [!provide]                PROVIDE (PWR, (APB1PERIPH_BASE + 0x7000))
                [!provide]                PROVIDE (AFIO, (APB2PERIPH_BASE + 0x0))
                [!provide]                PROVIDE (EXTI, (APB2PERIPH_BASE + 0x400))
                [!provide]                PROVIDE (GPIOA, (APB2PERIPH_BASE + 0x800))
                [!provide]                PROVIDE (GPIOB, (APB2PERIPH_BASE + 0xc00))
                [!provide]                PROVIDE (GPIOC, (APB2PERIPH_BASE + 0x1000))
                [!provide]                PROVIDE (GPIOD, (APB2PERIPH_BASE + 0x1400))
                [!provide]                PROVIDE (GPIOE, (APB2PERIPH_BASE + 0x1800))
                [!provide]                PROVIDE (ADC1, (APB2PERIPH_BASE + 0x2400))
                [!provide]                PROVIDE (ADC2, (APB2PERIPH_BASE + 0x2800))
                [!provide]                PROVIDE (TIM1, (APB2PERIPH_BASE + 0x2c00))
                [!provide]                PROVIDE (SPI1, (APB2PERIPH_BASE + 0x3000))
                [!provide]                PROVIDE (USART1, (APB2PERIPH_BASE + 0x3800))
                [!provide]                PROVIDE (DMA, (AHBPERIPH_BASE + 0x0))
                [!provide]                PROVIDE (DMA_Channel1, (AHBPERIPH_BASE + 0x8))
                [!provide]                PROVIDE (DMA_Channel2, (AHBPERIPH_BASE + 0x1c))
                [!provide]                PROVIDE (DMA_Channel3, (AHBPERIPH_BASE + 0x30))
                [!provide]                PROVIDE (DMA_Channel4, (AHBPERIPH_BASE + 0x44))
                [!provide]                PROVIDE (DMA_Channel5, (AHBPERIPH_BASE + 0x58))
                [!provide]                PROVIDE (DMA_Channel6, (AHBPERIPH_BASE + 0x6c))
                [!provide]                PROVIDE (DMA_Channel7, (AHBPERIPH_BASE + 0x80))
                [!provide]                PROVIDE (RCC, (AHBPERIPH_BASE + 0x1000))
                0xe000e000                SCS_BASE = 0xe000e000
                [!provide]                PROVIDE (SysTick, (SCS_BASE + 0x10))
                [!provide]                PROVIDE (NVIC, (SCS_BASE + 0x100))
                [!provide]                PROVIDE (SCB, (SCS_BASE + 0xd00))
                0x20005000                _estack = 0x20005000

.isr_vector     0x08000000      0x10c
                0x08000000                . = ALIGN (0x4)
 *(.isr_vector)
 .isr_vector    0x08000000      0x10c lib/libstm32.a(stm32f10x_vector.o)
                0x08000000                g_pfnVectors
                0x0800010c                . = ALIGN (0x4)

.flashtext      0x0800010c        0x0
                0x0800010c                . = ALIGN (0x4)
 *(.flashtext)
                0x0800010c                . = ALIGN (0x4)

.text           0x0800010c      0x354
                0x0800010c                . = ALIGN (0x4)
 *(.text)
 .text          0x0800010c       0x84 main.o
                0x0800010c                delay_us
                0x0800013c                main
 .text          0x08000190      0x260 stm32f10x_it.o
                0x08000190                NMIException
                0x0800019c                HardFaultException
                0x080001a4                MemManageException
                0x080001ac                BusFaultException
                0x080001b4                UsageFaultException
                0x080001bc                DebugMonitor
                0x080001c8                SVCHandler
                0x080001d4                PendSVC
                0x080001e0                SysTickHandler
                0x080001ec                WWDG_IRQHandler
                0x080001f8                PVD_IRQHandler
                0x08000204                TAMPER_IRQHandler
                0x08000210                RTC_IRQHandler
                0x0800021c                FLASH_IRQHandler
                0x08000228                RCC_IRQHandler
                0x08000234                EXTI0_IRQHandler
                0x08000240                EXTI1_IRQHandler
                0x0800024c                EXTI2_IRQHandler
                0x08000258                EXTI3_IRQHandler
                0x08000264                EXTI4_IRQHandler
                0x08000270                DMAChannel1_IRQHandler
                0x0800027c                DMAChannel2_IRQHandler
                0x08000288                DMAChannel3_IRQHandler
                0x08000294                DMAChannel4_IRQHandler
                0x080002a0                DMAChannel5_IRQHandler
                0x080002ac                DMAChannel6_IRQHandler
                0x080002b8                DMAChannel7_IRQHandler
                0x080002c4                ADC_IRQHandler
                0x080002d0                USB_HP_CAN_TX_IRQHandler
                0x080002dc                USB_LP_CAN_RX0_IRQHandler
                0x080002e8                CAN_RX1_IRQHandler
                0x080002f4                CAN_SCE_IRQHandler
                0x08000300                EXTI9_5_IRQHandler
                0x0800030c                TIM1_BRK_IRQHandler
                0x08000318                TIM1_UP_IRQHandler
                0x08000324                TIM1_TRG_COM_IRQHandler
                0x08000330                TIM1_CC_IRQHandler
                0x0800033c                TIM2_IRQHandler
                0x08000348                TIM3_IRQHandler
                0x08000354                TIM4_IRQHandler
                0x08000360                I2C1_EV_IRQHandler
                0x0800036c                I2C1_ER_IRQHandler
                0x08000378                I2C2_EV_IRQHandler
                0x08000384                I2C2_ER_IRQHandler
                0x08000390                SPI1_IRQHandler
                0x0800039c                SPI2_IRQHandler
                0x080003a8                USART1_IRQHandler
                0x080003b4                USART2_IRQHandler
                0x080003c0                USART3_IRQHandler
                0x080003cc                EXTI15_10_IRQHandler
                0x080003d8                RTCAlarm_IRQHandler
                0x080003e4                USBWakeUp_IRQHandler
 .text          0x080003f0       0x70 lib/libstm32.a(stm32f10x_vector.o)
                0x080003f0                Reset_Handler
 *(.text.*)
 *(.rodata)
 *(.rodata*)
 *(.glue_7)
 .glue_7        0x08000460        0x0 linker stubs
 *(.glue_7t)
 .glue_7t       0x08000460        0x0 linker stubs
                0x08000460                . = ALIGN (0x4)
                0x08000460                _etext = .
                0x08000460                _sidata = _etext

.vfp11_veneer   0x08000460        0x0
 .vfp11_veneer  0x08000460        0x0 linker stubs

.v4_bx          0x08000460        0x0
 .v4_bx         0x08000460        0x0 linker stubs

.init           0x08000460        0xc
 .init          0x08000460        0xc /usr/lib/gcc/arm-none-eabi/5.4.1/crti.o
                0x08000460                _init

.fini           0x0800046c        0xc
 .fini          0x0800046c        0xc /usr/lib/gcc/arm-none-eabi/5.4.1/crti.o
                0x0800046c                _fini

.iplt           0x08000478        0x0
 .iplt          0x08000478        0x0 /usr/lib/gcc/arm-none-eabi/5.4.1/crtbegin.o

.rel.dyn        0x08000478        0x0
 .rel.iplt      0x08000478        0x0 /usr/lib/gcc/arm-none-eabi/5.4.1/crtbegin.o

.data           0x20000000        0x0 load address 0x08000460
                0x20000000                . = ALIGN (0x4)
                0x20000000                _sdata = .
 *(.data)
 *(.data.*)
                0x20000000                . = ALIGN (0x4)
                0x20000000                _edata = .

.igot.plt       0x20000000        0x0
 .igot.plt      0x20000000        0x0 /usr/lib/gcc/arm-none-eabi/5.4.1/crtbegin.o

.bss            0x20000000        0x0
                0x20000000                . = ALIGN (0x4)
                0x20000000                _sbss = .
 *(.bss)
 *(COMMON)
                0x20000000                . = ALIGN (0x4)
                0x20000000                _ebss = .
                [!provide]                PROVIDE (end, _ebss)
                [!provide]                PROVIDE (_end, _ebss)

._usrstack      0x20000000      0x100
                0x20000000                . = ALIGN (0x4)
                0x20000000                _susrstack = .
                0x20000100                . = (. + _Minimum_Stack_Size)
 *fill*         0x20000000      0x100 
                0x20000100                . = ALIGN (0x4)
                0x20000100                _eusrstack = .

.b1text
 *(.b1text)
 *(.b1rodata)
 *(.b1rodata*)

.eb0text
 *(.eb0text)
 *(.eb0rodata)
 *(.eb0rodata*)

.eb1text
 *(.eb1text)
 *(.eb1rodata)
 *(.eb1rodata*)

.eb2text
 *(.eb2text)
 *(.eb2rodata)
 *(.eb2rodata*)

.eb3text
 *(.eb3text)
 *(.eb3rodata)
 *(.eb3rodata*)
                0x20000100                __exidx_start = .
                0x20000100                __exidx_end = .

/DISCARD/
 libc.a(*)
 libm.a(*)
 libgcc.a(*)

.stab
 *(.stab)

.stabstr
 *(.stabstr)

.stab.excl
 *(.stab.excl)

.stab.exclstr
 *(.stab.exclstr)

.stab.index
 *(.stab.index)

.stab.indexstr
 *(.stab.indexstr)

.comment        0x00000000       0x2b
 *(.comment)
 .comment       0x00000000       0x2b main.o
                                 0x2c (size before relaxing)
 .comment       0x0000002b       0x2c stm32f10x_it.o
 .comment       0x0000002b       0x2c lib/libstm32.a(stm32f10x_vector.o)

.ARM.attributes
                0x00000000       0x31
 .ARM.attributes
                0x00000000       0x16 /usr/lib/gcc/arm-none-eabi/5.4.1/crti.o
 .ARM.attributes
                0x00000016       0x33 main.o
 .ARM.attributes
                0x00000049       0x33 stm32f10x_it.o
 .ARM.attributes
                0x0000007c       0x33 lib/libstm32.a(stm32f10x_vector.o)

.debug
 *(.debug)

.line
 *(.line)

.debug_srcinfo
 *(.debug_srcinfo)

.debug_sfnames
 *(.debug_sfnames)

.debug_aranges  0x00000000       0x60
 *(.debug_aranges)
 .debug_aranges
                0x00000000       0x20 main.o
 .debug_aranges
                0x00000020       0x20 stm32f10x_it.o
 .debug_aranges
                0x00000040       0x20 lib/libstm32.a(stm32f10x_vector.o)

.debug_pubnames
 *(.debug_pubnames)

.debug_info     0x00000000      0x795
 *(.debug_info .gnu.linkonce.wi.*)
 .debug_info    0x00000000      0x2b1 main.o
 .debug_info    0x000002b1      0x408 stm32f10x_it.o
 .debug_info    0x000006b9       0xdc lib/libstm32.a(stm32f10x_vector.o)

.debug_abbrev   0x00000000      0x1dd
 *(.debug_abbrev)
 .debug_abbrev  0x00000000       0xe1 main.o
 .debug_abbrev  0x000000e1       0x5a stm32f10x_it.o
 .debug_abbrev  0x0000013b       0xa2 lib/libstm32.a(stm32f10x_vector.o)

.debug_line     0x00000000      0x252
 *(.debug_line)
 .debug_line    0x00000000       0xdb main.o
 .debug_line    0x000000db      0x11b stm32f10x_it.o
 .debug_line    0x000001f6       0x5c lib/libstm32.a(stm32f10x_vector.o)

.debug_frame    0x00000000      0x704
 *(.debug_frame)
 .debug_frame   0x00000000       0x54 main.o
 .debug_frame   0x00000054      0x670 stm32f10x_it.o
 .debug_frame   0x000006c4       0x40 lib/libstm32.a(stm32f10x_vector.o)

.debug_str      0x00000000      0x5fe
 *(.debug_str)
 .debug_str     0x00000000      0x1a2 main.o
                                0x1e7 (size before relaxing)
 .debug_str     0x000001a2      0x3ed stm32f10x_it.o
                                0x4b0 (size before relaxing)
 .debug_str     0x0000058f       0x6f lib/libstm32.a(stm32f10x_vector.o)
                                 0xe3 (size before relaxing)

.debug_loc
 *(.debug_loc)

.debug_macinfo
 *(.debug_macinfo)

.debug_weaknames
 *(.debug_weaknames)

.debug_funcnames
 *(.debug_funcnames)

.debug_typenames
 *(.debug_typenames)

.debug_varnames
 *(.debug_varnames)
OUTPUT(main.elf elf32-littlearm)

Cross Reference Table

Symbol                                            File
ADC_IRQHandler                                    stm32f10x_it.o
                                                  lib/libstm32.a(stm32f10x_vector.o)
BusFaultException                                 stm32f10x_it.o
                                                  lib/libstm32.a(stm32f10x_vector.o)
CAN_RX1_IRQHandler                                stm32f10x_it.o
                                                  lib/libstm32.a(stm32f10x_vector.o)
CAN_SCE_IRQHandler                                stm32f10x_it.o
                                                  lib/libstm32.a(stm32f10x_vector.o)
DMAChannel1_IRQHandler                            stm32f10x_it.o
                                                  lib/libstm32.a(stm32f10x_vector.o)
DMAChannel2_IRQHandler                            stm32f10x_it.o
                                                  lib/libstm32.a(stm32f10x_vector.o)
DMAChannel3_IRQHandler                            stm32f10x_it.o
                                                  lib/libstm32.a(stm32f10x_vector.o)
DMAChannel4_IRQHandler                            stm32f10x_it.o
                                                  lib/libstm32.a(stm32f10x_vector.o)
DMAChannel5_IRQHandler                            stm32f10x_it.o
                                                  lib/libstm32.a(stm32f10x_vector.o)
DMAChannel6_IRQHandler                            stm32f10x_it.o
                                                  lib/libstm32.a(stm32f10x_vector.o)
DMAChannel7_IRQHandler                            stm32f10x_it.o
                                                  lib/libstm32.a(stm32f10x_vector.o)
DebugMonitor                                      stm32f10x_it.o
                                                  lib/libstm32.a(stm32f10x_vector.o)
EXTI0_IRQHandler                                  stm32f10x_it.o
                                                  lib/libstm32.a(stm32f10x_vector.o)
EXTI15_10_IRQHandler                              stm32f10x_it.o
                                                  lib/libstm32.a(stm32f10x_vector.o)
EXTI1_IRQHandler                                  stm32f10x_it.o
                                                  lib/libstm32.a(stm32f10x_vector.o)
EXTI2_IRQHandler                                  stm32f10x_it.o
                                                  lib/libstm32.a(stm32f10x_vector.o)
EXTI3_IRQHandler                                  stm32f10x_it.o
                                                  lib/libstm32.a(stm32f10x_vector.o)
EXTI4_IRQHandler                                  stm32f10x_it.o
                                                  lib/libstm32.a(stm32f10x_vector.o)
EXTI9_5_IRQHandler                                stm32f10x_it.o
                                                  lib/libstm32.a(stm32f10x_vector.o)
FLASH_IRQHandler                                  stm32f10x_it.o
                                                  lib/libstm32.a(stm32f10x_vector.o)
HardFaultException                                stm32f10x_it.o
                                                  lib/libstm32.a(stm32f10x_vector.o)
I2C1_ER_IRQHandler                                stm32f10x_it.o
                                                  lib/libstm32.a(stm32f10x_vector.o)
I2C1_EV_IRQHandler                                stm32f10x_it.o
                                                  lib/libstm32.a(stm32f10x_vector.o)
I2C2_ER_IRQHandler                                stm32f10x_it.o
                                                  lib/libstm32.a(stm32f10x_vector.o)
I2C2_EV_IRQHandler                                stm32f10x_it.o
                                                  lib/libstm32.a(stm32f10x_vector.o)
MemManageException                                stm32f10x_it.o
                                                  lib/libstm32.a(stm32f10x_vector.o)
NMIException                                      stm32f10x_it.o
                                                  lib/libstm32.a(stm32f10x_vector.o)
PVD_IRQHandler                                    stm32f10x_it.o
                                                  lib/libstm32.a(stm32f10x_vector.o)
PendSVC                                           stm32f10x_it.o
                                                  lib/libstm32.a(stm32f10x_vector.o)
RCC_IRQHandler                                    stm32f10x_it.o
                                                  lib/libstm32.a(stm32f10x_vector.o)
RTCAlarm_IRQHandler                               stm32f10x_it.o
                                                  lib/libstm32.a(stm32f10x_vector.o)
RTC_IRQHandler                                    stm32f10x_it.o
                                                  lib/libstm32.a(stm32f10x_vector.o)
Reset_Handler                                     lib/libstm32.a(stm32f10x_vector.o)
SPI1_IRQHandler                                   stm32f10x_it.o
                                                  lib/libstm32.a(stm32f10x_vector.o)
SPI2_IRQHandler                                   stm32f10x_it.o
                                                  lib/libstm32.a(stm32f10x_vector.o)
SVCHandler                                        stm32f10x_it.o
                                                  lib/libstm32.a(stm32f10x_vector.o)
SysTickHandler                                    stm32f10x_it.o
                                                  lib/libstm32.a(stm32f10x_vector.o)
TAMPER_IRQHandler                                 stm32f10x_it.o
                                                  lib/libstm32.a(stm32f10x_vector.o)
TIM1_BRK_IRQHandler                               stm32f10x_it.o
                                                  lib/libstm32.a(stm32f10x_vector.o)
TIM1_CC_IRQHandler                                stm32f10x_it.o
                                                  lib/libstm32.a(stm32f10x_vector.o)
TIM1_TRG_COM_IRQHandler                           stm32f10x_it.o
                                                  lib/libstm32.a(stm32f10x_vector.o)
TIM1_UP_IRQHandler                                stm32f10x_it.o
                                                  lib/libstm32.a(stm32f10x_vector.o)
TIM2_IRQHandler                                   stm32f10x_it.o
                                                  lib/libstm32.a(stm32f10x_vector.o)
TIM3_IRQHandler                                   stm32f10x_it.o
                                                  lib/libstm32.a(stm32f10x_vector.o)
TIM4_IRQHandler                                   stm32f10x_it.o
                                                  lib/libstm32.a(stm32f10x_vector.o)
USART1_IRQHandler                                 stm32f10x_it.o
                                                  lib/libstm32.a(stm32f10x_vector.o)
USART2_IRQHandler                                 stm32f10x_it.o
                                                  lib/libstm32.a(stm32f10x_vector.o)
USART3_IRQHandler                                 stm32f10x_it.o
                                                  lib/libstm32.a(stm32f10x_vector.o)
USBWakeUp_IRQHandler                              stm32f10x_it.o
                                                  lib/libstm32.a(stm32f10x_vector.o)
USB_HP_CAN_TX_IRQHandler                          stm32f10x_it.o
                                                  lib/libstm32.a(stm32f10x_vector.o)
USB_LP_CAN_RX0_IRQHandler                         stm32f10x_it.o
                                                  lib/libstm32.a(stm32f10x_vector.o)
UsageFaultException                               stm32f10x_it.o
                                                  lib/libstm32.a(stm32f10x_vector.o)
WWDG_IRQHandler                                   stm32f10x_it.o
                                                  lib/libstm32.a(stm32f10x_vector.o)
_ITM_deregisterTMCloneTable                       /usr/lib/gcc/arm-none-eabi/5.4.1/crtbegin.o
_ITM_registerTMCloneTable                         /usr/lib/gcc/arm-none-eabi/5.4.1/crtbegin.o
_Jv_RegisterClasses                               /usr/lib/gcc/arm-none-eabi/5.4.1/crtbegin.o
__TMC_END__                                       /usr/lib/gcc/arm-none-eabi/5.4.1/crtend.o
                                                  /usr/lib/gcc/arm-none-eabi/5.4.1/crtbegin.o
__bss_end__                                       /usr/lib/gcc/arm-none-eabi/5.4.1/../../../arm-none-eabi/lib/crt0.o
__bss_start__                                     /usr/lib/gcc/arm-none-eabi/5.4.1/../../../arm-none-eabi/lib/crt0.o
__call_exitprocs                                  /usr/lib/gcc/arm-none-eabi/5.4.1/../../../arm-none-eabi/lib/libc.a(lib_a-__call_atexit.o)
                                                  /usr/lib/gcc/arm-none-eabi/5.4.1/../../../arm-none-eabi/lib/libc.a(lib_a-exit.o)
__deregister_frame_info                           /usr/lib/gcc/arm-none-eabi/5.4.1/crtbegin.o
__dso_handle                                      /usr/lib/gcc/arm-none-eabi/5.4.1/crtbegin.o
__fini_array_end                                  /usr/lib/gcc/arm-none-eabi/5.4.1/../../../arm-none-eabi/lib/libc.a(lib_a-fini.o)
__fini_array_start                                /usr/lib/gcc/arm-none-eabi/5.4.1/../../../arm-none-eabi/lib/libc.a(lib_a-fini.o)
__init_array_end                                  /usr/lib/gcc/arm-none-eabi/5.4.1/../../../arm-none-eabi/lib/libc.a(lib_a-init.o)
__init_array_start                                /usr/lib/gcc/arm-none-eabi/5.4.1/../../../arm-none-eabi/lib/libc.a(lib_a-init.o)
__libc_fini                                       /usr/lib/gcc/arm-none-eabi/5.4.1/../../../arm-none-eabi/lib/libc.a(lib_a-__call_atexit.o)
__libc_fini_array                                 /usr/lib/gcc/arm-none-eabi/5.4.1/../../../arm-none-eabi/lib/libc.a(lib_a-fini.o)
                                                  /usr/lib/gcc/arm-none-eabi/5.4.1/../../../arm-none-eabi/lib/libc.a(lib_a-__call_atexit.o)
                                                  /usr/lib/gcc/arm-none-eabi/5.4.1/../../../arm-none-eabi/lib/crt0.o
__libc_init_array                                 /usr/lib/gcc/arm-none-eabi/5.4.1/../../../arm-none-eabi/lib/libc.a(lib_a-init.o)
                                                  /usr/lib/gcc/arm-none-eabi/5.4.1/../../../arm-none-eabi/lib/crt0.o
__preinit_array_end                               /usr/lib/gcc/arm-none-eabi/5.4.1/../../../arm-none-eabi/lib/libc.a(lib_a-init.o)
__preinit_array_start                             /usr/lib/gcc/arm-none-eabi/5.4.1/../../../arm-none-eabi/lib/libc.a(lib_a-init.o)
__register_exitproc                               /usr/lib/gcc/arm-none-eabi/5.4.1/../../../arm-none-eabi/lib/libc.a(lib_a-__atexit.o)
                                                  /usr/lib/gcc/arm-none-eabi/5.4.1/../../../arm-none-eabi/lib/libc.a(lib_a-atexit.o)
__register_frame_info                             /usr/lib/gcc/arm-none-eabi/5.4.1/crtbegin.o
__stack                                           /usr/lib/gcc/arm-none-eabi/5.4.1/../../../arm-none-eabi/lib/crt0.o
_ebss                                             lib/libstm32.a(stm32f10x_vector.o)
_edata                                            lib/libstm32.a(stm32f10x_vector.o)
_estack                                           lib/libstm32.a(stm32f10x_vector.o)
_exit                                             /usr/lib/gcc/arm-none-eabi/5.4.1/../../../arm-none-eabi/lib/libc.a(lib_a-exit.o)
_fini                                             /usr/lib/gcc/arm-none-eabi/5.4.1/crti.o
                                                  /usr/lib/gcc/arm-none-eabi/5.4.1/../../../arm-none-eabi/lib/libc.a(lib_a-fini.o)
_global_impure_ptr                                /usr/lib/gcc/arm-none-eabi/5.4.1/../../../arm-none-eabi/lib/libc.a(lib_a-impure.o)
                                                  /usr/lib/gcc/arm-none-eabi/5.4.1/../../../arm-none-eabi/lib/libc.a(lib_a-__call_atexit.o)
                                                  /usr/lib/gcc/arm-none-eabi/5.4.1/../../../arm-none-eabi/lib/libc.a(lib_a-__atexit.o)
                                                  /usr/lib/gcc/arm-none-eabi/5.4.1/../../../arm-none-eabi/lib/libc.a(lib_a-exit.o)
_impure_ptr                                       /usr/lib/gcc/arm-none-eabi/5.4.1/../../../arm-none-eabi/lib/libc.a(lib_a-impure.o)
_init                                             /usr/lib/gcc/arm-none-eabi/5.4.1/crti.o
                                                  /usr/lib/gcc/arm-none-eabi/5.4.1/../../../arm-none-eabi/lib/libc.a(lib_a-init.o)
_mainCRTStartup                                   /usr/lib/gcc/arm-none-eabi/5.4.1/../../../arm-none-eabi/lib/crt0.o
_sbss                                             lib/libstm32.a(stm32f10x_vector.o)
_sdata                                            lib/libstm32.a(stm32f10x_vector.o)
_sidata                                           lib/libstm32.a(stm32f10x_vector.o)
_start                                            /usr/lib/gcc/arm-none-eabi/5.4.1/../../../arm-none-eabi/lib/crt0.o
atexit                                            /usr/lib/gcc/arm-none-eabi/5.4.1/../../../arm-none-eabi/lib/libc.a(lib_a-atexit.o)
                                                  /usr/lib/gcc/arm-none-eabi/5.4.1/../../../arm-none-eabi/lib/libc.a(lib_a-__call_atexit.o)
                                                  /usr/lib/gcc/arm-none-eabi/5.4.1/../../../arm-none-eabi/lib/crt0.o
delay_us                                          main.o
exit                                              /usr/lib/gcc/arm-none-eabi/5.4.1/../../../arm-none-eabi/lib/libc.a(lib_a-exit.o)
                                                  /usr/lib/gcc/arm-none-eabi/5.4.1/../../../arm-none-eabi/lib/crt0.o
free                                              /usr/lib/gcc/arm-none-eabi/5.4.1/../../../arm-none-eabi/lib/libc.a(lib_a-__call_atexit.o)
g_pfnVectors                                      lib/libstm32.a(stm32f10x_vector.o)
hardware_init_hook                                /usr/lib/gcc/arm-none-eabi/5.4.1/../../../arm-none-eabi/lib/crt0.o
main                                              main.o
                                                  lib/libstm32.a(stm32f10x_vector.o)
                                                  /usr/lib/gcc/arm-none-eabi/5.4.1/../../../arm-none-eabi/lib/crt0.o
malloc                                            /usr/lib/gcc/arm-none-eabi/5.4.1/../../../arm-none-eabi/lib/libc.a(lib_a-__atexit.o)
memset                                            /usr/lib/gcc/arm-none-eabi/5.4.1/../../../arm-none-eabi/lib/libc.a(lib_a-memset.o)
                                                  /usr/lib/gcc/arm-none-eabi/5.4.1/../../../arm-none-eabi/lib/crt0.o
software_init_hook                                /usr/lib/gcc/arm-none-eabi/5.4.1/../../../arm-none-eabi/lib/crt0.o
